// Jest Snapshot v1, https://goo.gl/fbAQLP

exports[`serverChanged should be a function 1`] = `"function"`;

exports[`serverInitialState should be a function 1`] = `"function"`;

exports[`serverLeave should be a function 1`] = `"function"`;
