// Jest Snapshot v1, https://goo.gl/fbAQLP

exports[`rest-server should run and return a 404 to {GET /} 1`] = `Object {}`;
